code: T
name: shed-T-testing
kubeconfig:
  - context: kube-test-1
