D
D
shed-D-development
kube-dev-1
ns-application
kube-dev-1
ns-database
T
shed-T-testing
kube-test-1
