KUBECONFIG=abc:/root/.shed/kubectl-config/a:/root/.shed/kubectl-config/b
SHED_CODE=P
SHED_CONFIG_FILE=/root/.shed/config.yaml
SHED_CONFIG_HOME=/root/.shed
SHED_KUBECONFIG_NUMBER=0
