D
shed-D-development
kube-dev-1
ns-application
kube-dev-1
ns-database
